
 Start  Stop   Length Name                   Class
 00000H 0A5A9H 0A5AAH LOADER_CODE            BC_CODE
 0A5AAH 0A744H 0019BH BOX0_TEXT              CODE
 0A746H 0A796H 00051H EXIST_TEXT             CODE
 0A798H 0A7A8H 00011H GETDRIVE_TEXT          CODE
 0A7AAH 0A7B7H 0000EH HIDECSR_TEXT           CODE
 0A7B8H 0A7D8H 00021H INITMOUS_TEXT          CODE
 0A7DAH 0ABD3H 003FAH MAMENU_TEXT            CODE
 0ABD4H 0AF64H 00391H MMENUV_TEXT            CODE
 0AF66H 0B02CH 000C7H MONITOR_TEXT           CODE
 0B02EH 0B07FH 00052H QPTRIM_TEXT            CODE
 0B080H 0B08DH 0000EH SHOWCSR_TEXT           CODE
 0B08EH 0B25EH 001D1H DOSERROR_TEXT          CODE
 0B260H 0B2B4H 00055H EXTERNAL_TEXT          CODE
 0B2B6H 0B2EEH 00039H FARSTR_TEXT            CODE
 0B2F0H 0B33EH 0004FH MPIXEL_TEXT            CODE
 0B340H 0B35CH 0001DH PUTSTRNG_TEXT          CODE
 0B35EH 0B37CH 0001FH REPSTOSW_TEXT          CODE
 0B37EH 0B397H 0001AH STOSBSUB_TEXT          CODE
 0B398H 0B3B1H 0001AH STOSWSUB_TEXT          CODE
 0B3C0H 0BEDBH 00B1CH _TEXT                  CODE
 0BEDCH 0C7F9H 0091EH LOADRTM                CODE
 0C7FAH 0C7FAH 00000H C_ETEXT                ENDCODE
 0C800H 0C800H 00000H FDATA                  FAR_DATA
 0C800H 0E6CBH 01ECCH FSL_CONST              FAR_DATA
 0E6D0H 0FECFH 01800H BR_DATA                BLANK
 0FED0H 0FED0H 00000H BR_SKYS                BLANK
 0FED0H 18565H 08696H COMMON                 BLANK
 18566H 194B1H 00F4CH BC_DATA                BC_DATA
 194B2H 194B3H 00002H NMALLOC                BC_VARS
 194B4H 194B5H 00002H ENMALLOC               BC_VARS
 194B6H 194B6H 00000H BC_FT                  BC_SEGS
 194C0H 19B4DH 0068EH BC_CN                  BC_SEGS
 19B50H 19B95H 00046H BC_DS                  BC_SEGS
 19B96H 19B96H 00000H BC_SAB                 BC_SEGS
 19B96H 19B99H 00004H BC_SA                  BC_SEGS
 19B9AH 19B9DH 00004H BC_SAE                 BC_SEGS
 19B9EH 19C83H 000E6H _DATA                  DATA
 19C84H 19C87H 00004H _BSS                   DATA
 19C88H 19C95H 0000EH CDATA                  DATA
 19C96H 19C97H 00002H XIQC                   DATA
 19C98H 19C98H 00000H XIFB                   DATA
 19C98H 19C98H 00000H XIF                    DATA
 19C98H 19C98H 00000H XIFE                   DATA
 19C98H 19C98H 00000H XIFCB                  DATA
 19C98H 19C98H 00000H XIFCE                  DATA
 19C98H 19C98H 00000H XIB                    DATA
 19C98H 19C98H 00000H XI                     DATA
 19C98H 19C98H 00000H XIE                    DATA
 19C98H 19C98H 00000H XPB                    DATA
 19C98H 19C98H 00000H XP                     DATA
 19C98H 19C98H 00000H XPE                    DATA
 19C98H 19C98H 00000H XCB                    DATA
 19C98H 19C9BH 00004H XC                     DATA
 19C9CH 19C9CH 00000H XCE                    DATA
 19C9CH 19C9CH 00000H XCFB                   DATA
 19C9CH 19C9CH 00000H XCFCRT                 DATA
 19C9CH 19C9CH 00000H XCF                    DATA
 19C9CH 19C9CH 00000H XCFE                   DATA
 19C9CH 19C9CH 00000H XECIB                  DATA
 19C9CH 19C9CH 00000H XECI                   DATA
 19C9CH 19C9CH 00000H XECIE                  DATA
 19C9CH 19CA9H 0000EH DBDATA                 DATA
 19CAAH 19CAAH 00000H XOB                    BSS
 19CAAH 19CAAH 00000H XO                     BSS
 19CAAH 19CAAH 00000H XOE                    BSS
 19CB0H 1ACAFH 01000H STACK                  STACK

 Origin   Group
 0E6D:0   DGROUP

Program entry point at 0BED:011D
