
 Start  Stop   Length Name                   Class
 00000H 0F866H 0F867H SOURCE_CODE            BC_CODE
 0F870H 198E1H 0A072H SETUP_CODE             BC_CODE
 198F0H 25EA9H 0C5BAH ROUTINES_CODE          BC_CODE
 25EB0H 2898FH 02AE0H RAREPLAY_CODE          BC_CODE
 28990H 289E5H 00056H CGASTUFF_TEXT          CODE
 289E6H 28AC5H 000E0H DISPPCXC_TEXT          CODE
 28AC6H 28CB4H 001EFH DISPPCXE_TEXT          CODE
 28CB6H 28D8DH 000D8H DISPPCXH_TEXT          CODE
 28D8EH 28E5BH 000CEH DISPPCXV_TEXT          CODE
 28E5CH 28F88H 0012DH EGASTUFF_TEXT          CODE
 28F8AH 29006H 0007DH GMOVE2VE_TEXT          CODE
 29008H 290D0H 000C9H GMOVE4VE_TEXT          CODE
 290D2H 2922DH 0015CH GPRINT0E_TEXT          CODE
 2922EH 2937BH 0014EH GPRINT1E_TEXT          CODE
 2937CH 29393H 00018H HERCTHER_TEXT          CODE
 29394H 2943CH 000A9H HGASTUFF_TEXT          CODE
 2943EH 29462H 00025H INITMOUS_TEXT          CODE
 29464H 29518H 000B5H MULTMONT_TEXT          CODE
 2951AH 29653H 0013AH OPENPCXF_TEXT          CODE
 29654H 2968CH 00039H PALETTE_TEXT           CODE
 2968EH 296DFH 00052H PALETTE3_TEXT          CODE
 296E0H 29763H 00084H VGASTUFF_TEXT          CODE
 29764H 2977BH 00018H CLRCHAR_TEXT           CODE
 2977CH 297DFH 00064H FARSTR_TEXT            CODE
 297E0H 297F3H 00014H GETSMODE_TEXT          CODE
 297F4H 2A153H 00960H GWVARS_TEXT            CODE
 2A154H 2A1A4H 00051H EXIST_TEXT             CODE
 2A1A6H 2A5C6H 00421H FUSING_TEXT            CODE
 2A5C8H 2A5D8H 00011H GETDRIVE_TEXT          CODE
 2A5DAH 2A7AAH 001D1H DOSERROR_TEXT          CODE
 2A7ACH 2A800H 00055H EXTERNAL_TEXT          CODE
 2A810H 2AF97H 00788H _TEXT                  CODE
 2AF98H 2B813H 0087CH LOADRTM                CODE
 2B814H 2B814H 00000H C_ETEXT                ENDCODE
 2B820H 2B820H 00000H FDATA                  FAR_DATA
 2B820H 2D07FH 01860H FSL_CONST              FAR_DATA
 2D080H 2D080H 00000H FDATA                  FAR_DATA
 2D080H 2DC57H 00BD8H FSL_CONST              FAR_DATA
 2DC60H 2DC60H 00000H FDATA                  FAR_DATA
 2DC60H 2EBCFH 00F70H FSL_CONST              FAR_DATA
 2EBD0H 2EBD0H 00000H FDATA                  FAR_DATA
 2EBD0H 2F8A5H 00CD6H FSL_CONST              FAR_DATA
 2F8B0H 310AFH 01800H BR_DATA                BLANK
 310B0H 310B0H 00000H BR_SKYS                BLANK
 310B0H 399CDH 0891EH COMMON                 BLANK
 399CEH 39F21H 00554H BC_DATA                BC_DATA
 39F22H 39F23H 00002H NMALLOC                BC_VARS
 39F24H 39F25H 00002H ENMALLOC               BC_VARS
 39F26H 39F26H 00000H BC_FT                  BC_SEGS
 39F30H 3B061H 01132H BC_CN                  BC_SEGS
 3B070H 3B412H 003A3H BC_DS                  BC_SEGS
 3B414H 3B414H 00000H BC_SAB                 BC_SEGS
 3B414H 3B423H 00010H BC_SA                  BC_SEGS
 3B424H 3B427H 00004H BC_SAE                 BC_SEGS
 3B428H 3B7C5H 0039EH _DATA                  DATA
 3B7C6H 3B7C9H 00004H _BSS                   DATA
 3B7CAH 3B7D7H 0000EH CDATA                  DATA
 3B7D8H 3B7D9H 00002H XIQC                   DATA
 3B7DAH 3B7DAH 00000H XIFB                   DATA
 3B7DAH 3B7DAH 00000H XIF                    DATA
 3B7DAH 3B7DAH 00000H XIFE                   DATA
 3B7DAH 3B7DAH 00000H XIFCB                  DATA
 3B7DAH 3B7DAH 00000H XIFCE                  DATA
 3B7DAH 3B7DAH 00000H XIB                    DATA
 3B7DAH 3B7DAH 00000H XI                     DATA
 3B7DAH 3B7DAH 00000H XIE                    DATA
 3B7DAH 3B7DAH 00000H XPB                    DATA
 3B7DAH 3B7DAH 00000H XP                     DATA
 3B7DAH 3B7DAH 00000H XPE                    DATA
 3B7DAH 3B7DAH 00000H XCB                    DATA
 3B7DAH 3B7DDH 00004H XC                     DATA
 3B7DEH 3B7DEH 00000H XCE                    DATA
 3B7DEH 3B7DEH 00000H XCFB                   DATA
 3B7DEH 3B7DEH 00000H XCFCRT                 DATA
 3B7DEH 3B7DEH 00000H XCF                    DATA
 3B7DEH 3B7DEH 00000H XCFE                   DATA
 3B7DEH 3B7DEH 00000H XECIB                  DATA
 3B7DEH 3B7DEH 00000H XECI                   DATA
 3B7DEH 3B7DEH 00000H XECIE                  DATA
 3B7DEH 3B7EBH 0000EH DBDATA                 DATA
 3B7ECH 3B7ECH 00000H XOB                    BSS
 3B7ECH 3B7ECH 00000H XO                     BSS
 3B7ECH 3B7ECH 00000H XOE                    BSS
 3B7F0H 3C7EFH 01000H STACK                  STACK

 Origin   Group
 2F8B:0   DGROUP

Program entry point at 2AF9:0119
