
 Start  Stop   Length Name                   Class
 00000H 0F866H 0F867H SOURCE_CODE            BC_CODE
 0F870H 198E1H 0A072H SETUP_CODE             BC_CODE
 198F0H 1C3CFH 02AE0H RAREPLAY_CODE          BC_CODE
 1C3D0H 28989H 0C5BAH ROUTINES_CODE          BC_CODE
 2898AH 289DFH 00056H CGASTUFF_TEXT          CODE
 289E0H 28ABFH 000E0H DISPPCXC_TEXT          CODE
 28AC0H 28CAEH 001EFH DISPPCXE_TEXT          CODE
 28CB0H 28D87H 000D8H DISPPCXH_TEXT          CODE
 28D88H 28E55H 000CEH DISPPCXV_TEXT          CODE
 28E56H 28F82H 0012DH EGASTUFF_TEXT          CODE
 28F84H 29000H 0007DH GMOVE2VE_TEXT          CODE
 29002H 290CAH 000C9H GMOVE4VE_TEXT          CODE
 290CCH 29227H 0015CH GPRINT0E_TEXT          CODE
 29228H 29375H 0014EH GPRINT1E_TEXT          CODE
 29376H 2938DH 00018H HERCTHER_TEXT          CODE
 2938EH 29436H 000A9H HGASTUFF_TEXT          CODE
 29438H 2945CH 00025H INITMOUS_TEXT          CODE
 2945EH 29512H 000B5H MULTMONT_TEXT          CODE
 29514H 2964DH 0013AH OPENPCXF_TEXT          CODE
 2964EH 29686H 00039H PALETTE_TEXT           CODE
 29688H 296D9H 00052H PALETTE3_TEXT          CODE
 296DAH 2975DH 00084H VGASTUFF_TEXT          CODE
 2975EH 29775H 00018H CLRCHAR_TEXT           CODE
 29776H 297D9H 00064H FARSTR_TEXT            CODE
 297DAH 297EDH 00014H GETSMODE_TEXT          CODE
 297EEH 2A14DH 00960H GWVARS_TEXT            CODE
 2A150H 2A8D7H 00788H _TEXT                  CODE
 2A8D8H 2B153H 0087CH LOADRTM                CODE
 2B154H 2B154H 00000H C_ETEXT                ENDCODE
 2B160H 2B160H 00000H FDATA                  FAR_DATA
 2B160H 2C9BFH 01860H FSL_CONST              FAR_DATA
 2C9C0H 2C9C0H 00000H FDATA                  FAR_DATA
 2C9C0H 2D597H 00BD8H FSL_CONST              FAR_DATA
 2D5A0H 2D5A0H 00000H FDATA                  FAR_DATA
 2D5A0H 2E275H 00CD6H FSL_CONST              FAR_DATA
 2E280H 2E280H 00000H FDATA                  FAR_DATA
 2E280H 2F1EFH 00F70H FSL_CONST              FAR_DATA
 2F1F0H 309EFH 01800H BR_DATA                BLANK
 309F0H 309F0H 00000H BR_SKYS                BLANK
 309F0H 3930DH 0891EH COMMON                 BLANK
 3930EH 39861H 00554H BC_DATA                BC_DATA
 39862H 39863H 00002H NMALLOC                BC_VARS
 39864H 39865H 00002H ENMALLOC               BC_VARS
 39866H 39866H 00000H BC_FT                  BC_SEGS
 39870H 3A9A5H 01136H BC_CN                  BC_SEGS
 3A9B0H 3AD52H 003A3H BC_DS                  BC_SEGS
 3AD54H 3AD54H 00000H BC_SAB                 BC_SEGS
 3AD54H 3AD63H 00010H BC_SA                  BC_SEGS
 3AD64H 3AD67H 00004H BC_SAE                 BC_SEGS
 3AD68H 3B04DH 002E6H _DATA                  DATA
 3B04EH 3B05BH 0000EH CDATA                  DATA
 3B05CH 3B05DH 00002H XIQC                   DATA
 3B05EH 3B05EH 00000H XIFB                   DATA
 3B05EH 3B05EH 00000H XIF                    DATA
 3B05EH 3B05EH 00000H XIFE                   DATA
 3B05EH 3B05EH 00000H XIFCB                  DATA
 3B05EH 3B05EH 00000H XIFCE                  DATA
 3B05EH 3B05EH 00000H XIB                    DATA
 3B05EH 3B05EH 00000H XI                     DATA
 3B05EH 3B05EH 00000H XIE                    DATA
 3B05EH 3B05EH 00000H XPB                    DATA
 3B05EH 3B05EH 00000H XP                     DATA
 3B05EH 3B05EH 00000H XPE                    DATA
 3B05EH 3B05EH 00000H XCB                    DATA
 3B05EH 3B061H 00004H XC                     DATA
 3B062H 3B062H 00000H XCE                    DATA
 3B062H 3B062H 00000H XCFB                   DATA
 3B062H 3B062H 00000H XCFCRT                 DATA
 3B062H 3B062H 00000H XCF                    DATA
 3B062H 3B062H 00000H XCFE                   DATA
 3B062H 3B062H 00000H XECIB                  DATA
 3B062H 3B062H 00000H XECI                   DATA
 3B062H 3B062H 00000H XECIE                  DATA
 3B062H 3B06FH 0000EH DBDATA                 DATA
 3B070H 3B070H 00000H XOB                    BSS
 3B070H 3B070H 00000H XO                     BSS
 3B070H 3B070H 00000H XOE                    BSS
 3B070H 3C06FH 01000H STACK                  STACK

 Origin   Group
 2F1F:0   DGROUP

Program entry point at 2A8D:0119

SOURCE.obj(SOURCE.BAS) : error L2029: 'GETDRIVE' : unresolved external
ROUTINES.obj(ROUTINES.bas) : error L2029: 'FUSING' : unresolved external
SETUP.obj(SETUP.BAS) : error L2029: 'FUSING' : unresolved external
SOURCE.obj(SOURCE.BAS) : error L2029: 'FUSING' : unresolved external
SETUP.obj(SETUP.BAS) : error L2029: 'EXIST' : unresolved external

